[debug] [2026-07-23T08:43:36.636Z] ----------------------------------------------------------------------
[debug] [2026-07-23T08:43:36.641Z] Command:       C:\Program Files\nodejs\node.exe C:\Users\Essob\AppData\Roaming\npm\node_modules\firebase-tools\lib\bin\firebase.js deploy --only hosting
[debug] [2026-07-23T08:43:36.641Z] CLI Version:   15.20.0
[debug] [2026-07-23T08:43:36.642Z] Platform:      win32
[debug] [2026-07-23T08:43:36.642Z] Node Version:  v24.16.0
[debug] [2026-07-23T08:43:36.642Z] Time:          Thu Jul 23 2026 11:43:36 GMT+0300 (Восточная Европа, летнее время)
[debug] [2026-07-23T08:43:36.642Z] ----------------------------------------------------------------------
[debug] 
[debug] [2026-07-23T08:43:39.991Z] > command requires scopes: ["email","openid","https://www.googleapis.com/auth/cloudplatformprojects.readonly","https://www.googleapis.com/auth/firebase","https://www.googleapis.com/auth/cloud-platform"]
[debug] [2026-07-23T08:43:39.991Z] > authorizing via signed-in user (hastiger15@gmail.com)
[debug] [2026-07-23T08:43:39.991Z] [iam] checking project mapemons-mmorpg for permissions ["firebase.projects.get","firebasehosting.sites.update"]
[debug] [2026-07-23T08:43:39.994Z] Checked if tokens are valid: true, expires at: 1784799671030
[debug] [2026-07-23T08:43:39.994Z] Checked if tokens are valid: true, expires at: 1784799671030
[debug] [2026-07-23T08:43:39.995Z] >>> [apiv2][query] POST https://cloudresourcemanager.googleapis.com/v1/projects/mapemons-mmorpg:testIamPermissions [none]
[debug] [2026-07-23T08:43:39.995Z] >>> [apiv2][(partial)header] POST https://cloudresourcemanager.googleapis.com/v1/projects/mapemons-mmorpg:testIamPermissions  x-goog-user-project=mapemons-mmorpg
[debug] [2026-07-23T08:43:39.995Z] >>> [apiv2][body] POST https://cloudresourcemanager.googleapis.com/v1/projects/mapemons-mmorpg:testIamPermissions {"permissions":["firebase.projects.get","firebasehosting.sites.update"]}
[debug] [2026-07-23T08:43:40.353Z] <<< [apiv2][status] POST https://cloudresourcemanager.googleapis.com/v1/projects/mapemons-mmorpg:testIamPermissions 200
[debug] [2026-07-23T08:43:40.353Z] <<< [apiv2][body] POST https://cloudresourcemanager.googleapis.com/v1/projects/mapemons-mmorpg:testIamPermissions {"permissions":["firebase.projects.get","firebasehosting.sites.update"]}
[debug] [2026-07-23T08:43:40.353Z] Checked if tokens are valid: true, expires at: 1784799671030
[debug] [2026-07-23T08:43:40.353Z] Checked if tokens are valid: true, expires at: 1784799671030
[debug] [2026-07-23T08:43:40.354Z] >>> [apiv2][query] GET https://firebase.googleapis.com/v1beta1/projects/mapemons-mmorpg [none]
[debug] [2026-07-23T08:43:40.649Z] <<< [apiv2][status] GET https://firebase.googleapis.com/v1beta1/projects/mapemons-mmorpg 200
[debug] [2026-07-23T08:43:40.649Z] <<< [apiv2][body] GET https://firebase.googleapis.com/v1beta1/projects/mapemons-mmorpg {"projectId":"mapemons-mmorpg","projectNumber":"728236353892","displayName":"Mapemons-MMORPG","name":"projects/mapemons-mmorpg","resources":{"hostingSite":"mapemons-mmorpg"},"state":"ACTIVE","labels":{"firebase":"enabled"},"etag":"1_a0f43c15-49f2-4238-85d2-99988c26dcfb"}
[info] 
[info] === Deploying to 'mapemons-mmorpg'...
[info] 
[info] i  deploying hosting 
[debug] [2026-07-23T08:43:40.654Z] Checked if tokens are valid: true, expires at: 1784799671030
[debug] [2026-07-23T08:43:40.654Z] Checked if tokens are valid: true, expires at: 1784799671030
[debug] [2026-07-23T08:43:40.655Z] >>> [apiv2][query] GET https://firebasehosting.googleapis.com/v1beta1/projects/mapemons-mmorpg/sites/mapemons-mmorpg [none]
